TIPO,        VALOR,       ETQ,         CODOP,       OPER 
DIR_INIC,        0017,       NULL,       ORG,       $17,       
VALOR,          0030,       UNO,       EQU,       $30,       
VALOR,          0050,       DOS,       EQU,       $50,       
CONTLOC,       0017,       NULL,       BRA,       UNO,       
CONTLOC,       0019,       NULL,       LBRA,       DOS,       
CONTLOC,       001D,       NULL,       BCS,       UNO,       
CONTLOC,       001F,       NULL,       LBCS,       TRES,       
CONTLOC,       0023,       TRES,       BCS,       DOS,       
CONTLOC,       0025,       CUAT,       SWI,       NULL,       
CONTLOC,       0026,       NULL,       END,       NULL,       
TIPO,        VALOR,       ETQ,         CODOP,       OPER 
DIR_INIC,        0017,       NULL,       ORG,       $17,       
VALOR,          0030,       UNO,       EQU,       $30,       
VALOR,          0050,       DOS,       EQU,       $50,       
CONTLOC,       0017,       NULL,       BRA,       UNO,       
CONTLOC,       0019,       NULL,       LBRA,       DOS,       
CONTLOC,       001D,       NULL,       BCS,       UNO,       
CONTLOC,       001F,       NULL,       LBCS,       TRES,       
CONTLOC,       0023,       TRES,       BCS,       DOS,       
CONTLOC,       0025,       CUAT,       SWI,       NULL,       
CONTLOC,       0026,       NULL,       END,       NULL,       
